     1 00000000                                 ; naskfunc
     2 00000000                                 ; TAB=4
     3 00000000                                 
     4 00000000                                 [FORMAT "WCOFF"]				; 制作目标文件的格式
     5 00000000                                 [INSTRSET "i486p"]				; 生成486使用的汇编(32位)
     6 00000000                                 [BITS 32]						; 制作32位模式用机器语言
     7 00000000                                 [FILE "naskfunc.nas"]			; 源文件名
     8 00000000                                 
     9 00000000                                 		GLOBAL	_io_hlt			; 声明函数io_hlt()
    10 00000000                                 		GLOBAL  _write_mem8		; 声明函数write_mem8()
    11 00000000                                 
    12                                          [SECTION .text]
    13 00000000                                 
    14 00000000                                 _io_hlt:	    ; void io_hlt(void);
    15 00000000 F4                              		HLT
    16 00000001 C3                              		RET
    17 00000002                                 
    18 00000002                                 _write_mem8:	; void write_mem8(int addr, int data);
    19 00000002 8B 4C 24 04                     		MOV		ECX,[ESP+4]		; 把[ESP+4](addr)存到ECX
    20 00000006 8A 44 24 08                     		MOV		AL,[ESP+8]		; 把[ESP+8](data)存到AL
    21 0000000A 88 01                           		MOV		[ECX],AL        ; 将第ECX号内存的值设为AL(addr=data)
    22 0000000C C3                              		RET